[
  [
    {
      "BoardPosition": {
        "X": 0,
        "Y": 0
      },
      "Position": {
        "X": 0,
        "Y": 0
      },
      "Value": "Empty"
    },
    {
      "BoardPosition": {
        "X": 0,
        "Y": 0
      },
      "Position": {
        "X": 0,
        "Y": 1
      },
      "Value": "Empty"
    },
    {
      "BoardPosition": {
        "X": 0,
        "Y": 0
      },
      "Position": {
        "X": 0,
        "Y": 2
      },
      "Value": "Empty"
    }
  ],
  [
    {
      "BoardPosition": {
        "X": 0,
        "Y": 0
      },
      "Position": {
        "X": 0,
        "Y": 0
      },
      "Value": "Empty"
    },
    {
      "BoardPosition": {
        "X": 0,
        "Y": 0
      },
      "Position": {
        "X": 1,
        "Y": 0
      },
      "Value": "Empty"
    },
    {
      "BoardPosition": {
        "X": 0,
        "Y": 0
      },
      "Position": {
        "X": 2,
        "Y": 0
      },
      "Value": "Empty"
    }
  ],
  [
    {
      "BoardPosition": {
        "X": 0,
        "Y": 0
      },
      "Position": {
        "X": 1,
        "Y": 0
      },
      "Value": "Empty"
    },
    {
      "BoardPosition": {
        "X": 0,
        "Y": 0
      },
      "Position": {
        "X": 1,
        "Y": 1
      },
      "Value": "Empty"
    },
    {
      "BoardPosition": {
        "X": 0,
        "Y": 0
      },
      "Position": {
        "X": 1,
        "Y": 2
      },
      "Value": "Empty"
    }
  ],
  [
    {
      "BoardPosition": {
        "X": 0,
        "Y": 0
      },
      "Position": {
        "X": 0,
        "Y": 1
      },
      "Value": "Empty"
    },
    {
      "BoardPosition": {
        "X": 0,
        "Y": 0
      },
      "Position": {
        "X": 1,
        "Y": 1
      },
      "Value": "Empty"
    },
    {
      "BoardPosition": {
        "X": 0,
        "Y": 0
      },
      "Position": {
        "X": 2,
        "Y": 1
      },
      "Value": "Empty"
    }
  ],
  [
    {
      "BoardPosition": {
        "X": 0,
        "Y": 0
      },
      "Position": {
        "X": 2,
        "Y": 0
      },
      "Value": "Empty"
    },
    {
      "BoardPosition": {
        "X": 0,
        "Y": 0
      },
      "Position": {
        "X": 2,
        "Y": 1
      },
      "Value": "Empty"
    },
    {
      "BoardPosition": {
        "X": 0,
        "Y": 0
      },
      "Position": {
        "X": 2,
        "Y": 2
      },
      "Value": "Empty"
    }
  ],
  [
    {
      "BoardPosition": {
        "X": 0,
        "Y": 0
      },
      "Position": {
        "X": 0,
        "Y": 2
      },
      "Value": "Empty"
    },
    {
      "BoardPosition": {
        "X": 0,
        "Y": 0
      },
      "Position": {
        "X": 1,
        "Y": 2
      },
      "Value": "Empty"
    },
    {
      "BoardPosition": {
        "X": 0,
        "Y": 0
      },
      "Position": {
        "X": 2,
        "Y": 2
      },
      "Value": "Empty"
    }
  ],
  [
    {
      "BoardPosition": {
        "X": 0,
        "Y": 0
      },
      "Position": {
        "X": 0,
        "Y": 0
      },
      "Value": "Empty"
    },
    {
      "BoardPosition": {
        "X": 0,
        "Y": 0
      },
      "Position": {
        "X": 1,
        "Y": 1
      },
      "Value": "Empty"
    },
    {
      "BoardPosition": {
        "X": 0,
        "Y": 0
      },
      "Position": {
        "X": 2,
        "Y": 2
      },
      "Value": "Empty"
    }
  ],
  [
    {
      "BoardPosition": {
        "X": 0,
        "Y": 0
      },
      "Position": {
        "X": 2,
        "Y": 0
      },
      "Value": "Empty"
    },
    {
      "BoardPosition": {
        "X": 0,
        "Y": 0
      },
      "Position": {
        "X": 1,
        "Y": 1
      },
      "Value": "Empty"
    },
    {
      "BoardPosition": {
        "X": 0,
        "Y": 0
      },
      "Position": {
        "X": 0,
        "Y": 2
      },
      "Value": "Empty"
    }
  ]
]
